
> my-portfolio@0.1.0 build
> next build

   Γû▓ Next.js 16.0.1 (Turbopack)

   Creating an optimized production build ...
 Γ£ô Compiled successfully in 4.8s
   Running TypeScript ...
